
There are no discarded input sections

Memory Configuration

Name             Origin             Length             Attributes
*default*        0x0000000000000000 0xffffffffffffffff

Linker script and memory map

                0x0000000080000000                . = 0x80000000

.text.boot      0x0000000080000000       0x2c
 *(.text.boot)
 .text.boot     0x0000000080000000       0x2c build/sbi/sbi_boot_s.o
                0x0000000080000000                _start

.text           0x000000008000002c       0xa8
 *(.text)
 .text          0x000000008000002c       0xa8 build/sbi/sbi_main_c.o
                0x000000008000002c                sbi_main
 .text          0x00000000800000d4        0x0 build/sbi/sbi_boot_s.o

.rodata
 *(.rodata)

.data           0x0000000080001000     0x1000
 *(.data)
 .data          0x0000000080001000        0x0 build/sbi/sbi_main_c.o
 .data          0x0000000080001000     0x1000 build/sbi/sbi_boot_s.o
                0x0000000080001000                stacks_start
                0x0000000080002000                . = ALIGN (0x8)
                0x0000000080002000                bss_begin = .

.bss            0x0000000080002000        0x0
 *(.bss*)
 .bss           0x0000000080002000        0x0 build/sbi/sbi_main_c.o
 .bss           0x0000000080002000        0x0 build/sbi/sbi_boot_s.o
                0x0000000080002000                bss_end = .
LOAD build/sbi/sbi_main_c.o
LOAD build/sbi/sbi_boot_s.o
OUTPUT(build/sbi/sbi.elf elf64-littleriscv)

.debug_info     0x0000000000000000      0x163
 .debug_info    0x0000000000000000      0x13b build/sbi/sbi_main_c.o
 .debug_info    0x000000000000013b       0x28 build/sbi/sbi_boot_s.o

.debug_abbrev   0x0000000000000000       0x7a
 .debug_abbrev  0x0000000000000000       0x66 build/sbi/sbi_main_c.o
 .debug_abbrev  0x0000000000000066       0x14 build/sbi/sbi_boot_s.o

.debug_aranges  0x0000000000000000       0x60
 .debug_aranges
                0x0000000000000000       0x30 build/sbi/sbi_main_c.o
 .debug_aranges
                0x0000000000000030       0x30 build/sbi/sbi_boot_s.o

.debug_line     0x0000000000000000      0x154
 .debug_line    0x0000000000000000       0xde build/sbi/sbi_main_c.o
 .debug_line    0x00000000000000de       0x76 build/sbi/sbi_boot_s.o

.debug_str      0x0000000000000000       0xd3
 .debug_str     0x0000000000000000       0xd3 build/sbi/sbi_main_c.o
                                         0xa8 (size before relaxing)
 .debug_str     0x00000000000000d3        0x0 build/sbi/sbi_boot_s.o
                                         0x2b (size before relaxing)

.debug_line_str
                0x0000000000000000       0x2e
 .debug_line_str
                0x0000000000000000       0x2e build/sbi/sbi_main_c.o
                                         0x49 (size before relaxing)
 .debug_line_str
                0x000000000000002e        0x0 build/sbi/sbi_boot_s.o
                                         0x1f (size before relaxing)

.comment        0x0000000000000000        0xf
 .comment       0x0000000000000000        0xf build/sbi/sbi_main_c.o
                                         0x10 (size before relaxing)

.note.GNU-stack
                0x0000000000000000        0x0
 .note.GNU-stack
                0x0000000000000000        0x0 build/sbi/sbi_main_c.o

.riscv.attributes
                0x0000000000000000       0x59
 .riscv.attributes
                0x0000000000000000       0x59 build/sbi/sbi_main_c.o
 .riscv.attributes
                0x0000000000000059       0x57 build/sbi/sbi_boot_s.o

.debug_frame    0x0000000000000000       0x38
 .debug_frame   0x0000000000000000       0x38 build/sbi/sbi_main_c.o
