
There are no discarded input sections

Memory Configuration

Name             Origin             Length             Attributes
*default*        0x0000000000000000 0xffffffffffffffff

Linker script and memory map

                0x0000000080200000                . = 0x80200000

.text.boot      0x0000000080200000       0x18
 *(.text.boot)
 .text.boot     0x0000000080200000       0x18 build/kernel/head_s.o
                0x0000000080200000                _start

.text           0x0000000080200018      0x1a4
 *(.text)
 .text          0x0000000080200018      0x184 build/kernel/device/uart_c.o
                0x0000000080200018                uart_send
                0x000000008020006c                uart_send_string
                0x00000000802000cc                uart_init
 .text          0x000000008020019c       0x20 build/kernel/kernel_c.o
                0x000000008020019c                kernel_main
 .text          0x00000000802001bc        0x0 build/kernel/head_s.o

.rodata         0x00000000802001c0       0x1a
 *(.rodata)
 .rodata        0x00000000802001c0        0x8 build/kernel/device/uart_c.o
 .rodata        0x00000000802001c8       0x12 build/kernel/kernel_c.o

.data           0x0000000080201000     0x1000
 *(.data)
 .data          0x0000000080201000        0x0 build/kernel/device/uart_c.o
 .data          0x0000000080201000        0x0 build/kernel/kernel_c.o
 .data          0x0000000080201000     0x1000 build/kernel/head_s.o
                0x0000000080201000                stacks_start

.sdata          0x0000000080202000        0x4
 .sdata         0x0000000080202000        0x4 build/kernel/device/uart_c.o
                0x0000000080202008                . = ALIGN (0x8)
                0x0000000080202008                bss_begin = .

.bss            0x0000000080202008        0x0
 *(.bss*)
 .bss           0x0000000080202008        0x0 build/kernel/device/uart_c.o
 .bss           0x0000000080202008        0x0 build/kernel/kernel_c.o
 .bss           0x0000000080202008        0x0 build/kernel/head_s.o
                0x0000000080202008                bss_end = .
LOAD build/kernel/device/uart_c.o
LOAD build/kernel/kernel_c.o
LOAD build/kernel/head_s.o
OUTPUT(build/kernel/yonex.elf elf64-littleriscv)

.debug_info     0x0000000000000000      0x2ad
 .debug_info    0x0000000000000000      0x210 build/kernel/device/uart_c.o
 .debug_info    0x0000000000000210       0x75 build/kernel/kernel_c.o
 .debug_info    0x0000000000000285       0x28 build/kernel/head_s.o

.debug_abbrev   0x0000000000000000      0x15c
 .debug_abbrev  0x0000000000000000       0xd2 build/kernel/device/uart_c.o
 .debug_abbrev  0x00000000000000d2       0x76 build/kernel/kernel_c.o
 .debug_abbrev  0x0000000000000148       0x14 build/kernel/head_s.o

.debug_aranges  0x0000000000000000       0x90
 .debug_aranges
                0x0000000000000000       0x30 build/kernel/device/uart_c.o
 .debug_aranges
                0x0000000000000030       0x30 build/kernel/kernel_c.o
 .debug_aranges
                0x0000000000000060       0x30 build/kernel/head_s.o

.debug_line     0x0000000000000000      0x2d3
 .debug_line    0x0000000000000000      0x202 build/kernel/device/uart_c.o
 .debug_line    0x0000000000000202       0x6d build/kernel/kernel_c.o
 .debug_line    0x000000000000026f       0x64 build/kernel/head_s.o

.debug_str      0x0000000000000000      0x11b
 .debug_str     0x0000000000000000      0x11b build/kernel/device/uart_c.o
                                         0xea (size before relaxing)
 .debug_str     0x000000000000011b        0x0 build/kernel/kernel_c.o
                                         0xb9 (size before relaxing)
 .debug_str     0x000000000000011b        0x0 build/kernel/head_s.o
                                         0x2a (size before relaxing)

.debug_line_str
                0x0000000000000000       0x6e
 .debug_line_str
                0x0000000000000000       0x6e build/kernel/device/uart_c.o
                                         0x51 (size before relaxing)
 .debug_line_str
                0x000000000000006e        0x0 build/kernel/kernel_c.o
                                         0x66 (size before relaxing)
 .debug_line_str
                0x000000000000006e        0x0 build/kernel/head_s.o
                                         0x1e (size before relaxing)

.comment        0x0000000000000000        0xf
 .comment       0x0000000000000000        0xf build/kernel/device/uart_c.o
                                         0x10 (size before relaxing)
 .comment       0x000000000000000f        0x0 build/kernel/kernel_c.o
                                         0x10 (size before relaxing)

.note.GNU-stack
                0x0000000000000000        0x0
 .note.GNU-stack
                0x0000000000000000        0x0 build/kernel/device/uart_c.o
 .note.GNU-stack
                0x0000000000000000        0x0 build/kernel/kernel_c.o

.riscv.attributes
                0x0000000000000000       0x59
 .riscv.attributes
                0x0000000000000000       0x55 build/kernel/device/uart_c.o
 .riscv.attributes
                0x0000000000000055       0x55 build/kernel/kernel_c.o
 .riscv.attributes
                0x00000000000000aa       0x57 build/kernel/head_s.o

.debug_frame    0x0000000000000000       0xa8
 .debug_frame   0x0000000000000000       0x78 build/kernel/device/uart_c.o
 .debug_frame   0x0000000000000078       0x30 build/kernel/kernel_c.o
