
There are no discarded input sections

Memory Configuration

Name             Origin             Length             Attributes
*default*        0x0000000000000000 0xffffffffffffffff

Linker script and memory map

                0x0000000080000000                . = 0x80000000

.text.boot      0x0000000080000000       0x14
 *(.text.boot)
 .text.boot     0x0000000080000000       0x14 build/kernel/head_s.o
                0x0000000080000000                _start

.text           0x0000000080000014        0x4
 *(.text)
 .text          0x0000000080000014        0x4 build/kernel/func_s.o
                0x0000000080000014                _func
 .text          0x0000000080000018        0x0 build/kernel/head_s.o

.rodata
 *(.rodata)

.data           0x0000000080001000     0x1000
 *(.data)
 .data          0x0000000080001000        0x0 build/kernel/func_s.o
 .data          0x0000000080001000     0x1000 build/kernel/head_s.o
                0x0000000080001000                stacks_start
                0x0000000080002000                . = ALIGN (0x8)
                0x0000000080002000                bss_begin = .

.bss            0x0000000080002000        0x0
 *(.bss*)
 .bss           0x0000000080002000        0x0 build/kernel/func_s.o
 .bss           0x0000000080002000        0x0 build/kernel/head_s.o
                0x0000000080002000                bss_end = .
LOAD build/kernel/func_s.o
LOAD build/kernel/head_s.o
OUTPUT(build/kernel/yonex.elf elf64-littleriscv)

.riscv.attributes
                0x0000000000000000       0x53
 .riscv.attributes
                0x0000000000000000       0x53 build/kernel/func_s.o
 .riscv.attributes
                0x0000000000000053       0x53 build/kernel/head_s.o

.debug_line     0x0000000000000000       0xaa
 .debug_line    0x0000000000000000       0x4c build/kernel/func_s.o
 .debug_line    0x000000000000004c       0x5e build/kernel/head_s.o

.debug_line_str
                0x0000000000000000       0x25
 .debug_line_str
                0x0000000000000000       0x25 build/kernel/func_s.o
                                         0x1e (size before relaxing)
 .debug_line_str
                0x0000000000000025        0x0 build/kernel/head_s.o
                                         0x1e (size before relaxing)

.debug_info     0x0000000000000000       0x50
 .debug_info    0x0000000000000000       0x28 build/kernel/func_s.o
 .debug_info    0x0000000000000028       0x28 build/kernel/head_s.o

.debug_abbrev   0x0000000000000000       0x28
 .debug_abbrev  0x0000000000000000       0x14 build/kernel/func_s.o
 .debug_abbrev  0x0000000000000014       0x14 build/kernel/head_s.o

.debug_aranges  0x0000000000000000       0x60
 .debug_aranges
                0x0000000000000000       0x30 build/kernel/func_s.o
 .debug_aranges
                0x0000000000000030       0x30 build/kernel/head_s.o

.debug_str      0x0000000000000000       0x38
 .debug_str     0x0000000000000000       0x38 build/kernel/func_s.o
                                         0x2a (size before relaxing)
 .debug_str     0x0000000000000038        0x0 build/kernel/head_s.o
                                         0x2a (size before relaxing)
